{
  "template": {
    "type": 1,
    "name": "es6-nested-regex",
    "start": 0,
    "end": 450,
    "isCustom": true,
    "nodes": [
      {
        "type": 1,
        "name": "h1",
        "start": 21,
        "end": 41,
        "nodes": [
          {
            "type": 3,
            "text": "{ message }",
            "start": 25,
            "end": 36,
            "expressions": [
              {
                "text": " message ",
                "start": 25,
                "end": 36
              }
            ],
            "parts": [
              "message"
            ]
          }
        ]
      }
    ]
  },
  "css": {
    "type": 1,
    "name": "style",
    "start": 375,
    "end": 430,
    "text": {
      "type": 3,
      "text": "\n    :root {\n      color: blue;\n    }\n  ",
      "start": 382,
      "end": 422
    }
  },
  "javascript": {
    "type": 1,
    "name": "script",
    "start": 45,
    "end": 371,
    "text": {
      "type": 3,
      "text": "\n    const x = 1\n\n    export default {\n      message: `\n        regex: ${\n          /x}`/.source\n        }`,\n\n      foobar() { `\n        foobar() {\n          return ${\n            foo( 5 /x/.1 )  // not regex\n          }\n        }`\n      }\n    }\n\n\n\n\n\n  function foo(bar) {\n\n  }\n\n  function foo(bar) {\n\n  }\n\n  ",
      "start": 53,
      "end": 362
    }
  }
}