{
  "template": {
    "type": 1,
    "name": "loop-svg-nodes",
    "start": 0,
    "end": 318,
    "isCustom": true,
    "nodes": [
      {
        "type": 1,
        "name": "svg",
        "start": 19,
        "end": 128,
        "nodes": [
          {
            "type": 1,
            "name": "circle",
            "start": 29,
            "end": 119,
            "isVoid": true,
            "attributes": [
              {
                "name": "each",
                "value": "{ points }",
                "start": 37,
                "end": 52,
                "expressions": [
                  {
                    "text": " points ",
                    "start": 42,
                    "end": 52
                  }
                ],
                "valueStart": 42,
                "parts": [
                  "points"
                ]
              },
              {
                "name": "riot-cx",
                "value": "{ x * 10 + 5 }",
                "start": 53,
                "end": 77,
                "expressions": [
                  {
                    "text": " x * 10 + 5 ",
                    "start": 62,
                    "end": 76
                  }
                ],
                "valueStart": 62,
                "parts": [
                  "x * 10 + 5"
                ]
              },
              {
                "name": "riot-cy",
                "value": "{ y * 10 + 5 }",
                "start": 78,
                "end": 100,
                "expressions": [
                  {
                    "text": " y * 10 + 5 ",
                    "start": 86,
                    "end": 100
                  }
                ],
                "valueStart": 86,
                "parts": [
                  "y * 10 + 5"
                ]
              },
              {
                "name": "r",
                "value": "2",
                "start": 101,
                "end": 104,
                "valueStart": 103,
                "parts": [
                  "2"
                ]
              },
              {
                "name": "fill",
                "value": "black",
                "start": 105,
                "end": 117,
                "valueStart": 111,
                "parts": [
                  "black"
                ]
              }
            ],
            "isSelfClosing": true
          }
        ]
      },
      {
        "type": 1,
        "name": "p",
        "start": 131,
        "end": 149,
        "nodes": [
          {
            "type": 3,
            "text": "Description",
            "start": 134,
            "end": 145,
            "parts": [
              "Description"
            ]
          }
        ]
      },
      {
        "type": 1,
        "name": "loop-svg-nodes",
        "start": 152,
        "end": 185,
        "isCustom": true,
        "nodes": []
      },
      {
        "type": 1,
        "name": "loop-svg-nodes",
        "start": 188,
        "end": 205,
        "isCustom": true,
        "isSelfClosing": true
      }
    ]
  },
  "css": null,
  "javascript": {
    "type": 1,
    "name": "script",
    "start": 209,
    "end": 299,
    "text": {
      "type": 3,
      "text": "\n  this.points = [{'x': 1,'y': 0}, {'x': 9, 'y': 6}, {'x': 4, 'y': 7}]\n  ",
      "start": 217,
      "end": 290
    }
  }
}